
R version 3.3.1 (2016-06-21) -- "Bug in Your Hair"
Copyright (C) 2016 The R Foundation for Statistical Computing
Platform: x86_64-apple-darwin15.6.0 (64-bit)

R is free software and comes with ABSOLUTELY NO WARRANTY.
You are welcome to redistribute it under certain conditions.
Type 'license()' or 'licence()' for distribution details.

  Natural language support but running in an English locale

R is a collaborative project with many contributors.
Type 'contributors()' for more information and
'citation()' on how to cite R or R packages in publications.

Type 'demo()' for some demos, 'help()' for on-line help, or
'help.start()' for an HTML browser interface to help.
Type 'q()' to quit R.

[Previously saved workspace restored]

> 
> 
> library(Rmpi)
> 
> mpi.spawn.Rslaves(nslaves=4)
	4 slaves are spawned successfully. 0 failed.
master (rank 0, comm 1) of size 5 is running on: DN0a22342e 
slave1 (rank 1, comm 1) of size 5 is running on: DN0a22342e 
slave2 (rank 2, comm 1) of size 5 is running on: DN0a22342e 
slave3 (rank 3, comm 1) of size 5 is running on: DN0a22342e 
slave4 (rank 4, comm 1) of size 5 is running on: DN0a22342e 
> 
> print(mpi.universe.size())
[1] 1
> print(mpi.comm.size())
[1] 5
> 
> mpi.remote.exec(paste(mpi.comm.size(), mpi.comm.rank()))
$slave1
[1] "5 1"

$slave2
[1] "5 2"

$slave3
[1] "5 3"

$slave4
[1] "5 4"

> 
> mpi.close.Rslaves()
[1] 1
> mpi.exit()
[1] "Detaching Rmpi. Rmpi cannot be used unless relaunching R."
> 
> proc.time()
   user  system elapsed 
  0.666   0.279   1.338 
